
package(default_visibility = ["//visibility:public"])
load("@build_bazel_rules_nodejs//internal/npm_install:node_module_library.bzl", "node_module_library")
filegroup(
    name = "zone.js__files",
    srcs = [
        "//:node_modules/zone.js/LICENSE",
        "//:node_modules/zone.js/dist/async-test.js",
        "//:node_modules/zone.js/dist/fake-async-test.js",
        "//:node_modules/zone.js/dist/jasmine-patch.js",
        "//:node_modules/zone.js/dist/jasmine-patch.min.js",
        "//:node_modules/zone.js/dist/long-stack-trace-zone.js",
        "//:node_modules/zone.js/dist/long-stack-trace-zone.min.js",
        "//:node_modules/zone.js/dist/mocha-patch.js",
        "//:node_modules/zone.js/dist/mocha-patch.min.js",
        "//:node_modules/zone.js/dist/proxy.js",
        "//:node_modules/zone.js/dist/proxy.min.js",
        "//:node_modules/zone.js/dist/sync-test.js",
        "//:node_modules/zone.js/dist/task-tracking.js",
        "//:node_modules/zone.js/dist/task-tracking.min.js",
        "//:node_modules/zone.js/dist/webapis-media-query.js",
        "//:node_modules/zone.js/dist/webapis-media-query.min.js",
        "//:node_modules/zone.js/dist/webapis-notification.js",
        "//:node_modules/zone.js/dist/webapis-notification.min.js",
        "//:node_modules/zone.js/dist/webapis-rtc-peer-connection.js",
        "//:node_modules/zone.js/dist/webapis-rtc-peer-connection.min.js",
        "//:node_modules/zone.js/dist/webapis-shadydom.js",
        "//:node_modules/zone.js/dist/webapis-shadydom.min.js",
        "//:node_modules/zone.js/dist/wtf.js",
        "//:node_modules/zone.js/dist/wtf.min.js",
        "//:node_modules/zone.js/dist/zone-bluebird.js",
        "//:node_modules/zone.js/dist/zone-bluebird.min.js",
        "//:node_modules/zone.js/dist/zone-error.js",
        "//:node_modules/zone.js/dist/zone-error.min.js",
        "//:node_modules/zone.js/dist/zone-evergreen-testing-bundle.js",
        "//:node_modules/zone.js/dist/zone-evergreen.js",
        "//:node_modules/zone.js/dist/zone-evergreen.min.js",
        "//:node_modules/zone.js/dist/zone-legacy.js",
        "//:node_modules/zone.js/dist/zone-legacy.min.js",
        "//:node_modules/zone.js/dist/zone-mix.js",
        "//:node_modules/zone.js/dist/zone-node.js",
        "//:node_modules/zone.js/dist/zone-patch-canvas.js",
        "//:node_modules/zone.js/dist/zone-patch-canvas.min.js",
        "//:node_modules/zone.js/dist/zone-patch-cordova.js",
        "//:node_modules/zone.js/dist/zone-patch-cordova.min.js",
        "//:node_modules/zone.js/dist/zone-patch-electron.js",
        "//:node_modules/zone.js/dist/zone-patch-electron.min.js",
        "//:node_modules/zone.js/dist/zone-patch-fetch.js",
        "//:node_modules/zone.js/dist/zone-patch-fetch.min.js",
        "//:node_modules/zone.js/dist/zone-patch-jsonp.js",
        "//:node_modules/zone.js/dist/zone-patch-jsonp.min.js",
        "//:node_modules/zone.js/dist/zone-patch-promise-test.js",
        "//:node_modules/zone.js/dist/zone-patch-promise-test.min.js",
        "//:node_modules/zone.js/dist/zone-patch-resize-observer.js",
        "//:node_modules/zone.js/dist/zone-patch-resize-observer.min.js",
        "//:node_modules/zone.js/dist/zone-patch-rxjs-fake-async.js",
        "//:node_modules/zone.js/dist/zone-patch-rxjs-fake-async.min.js",
        "//:node_modules/zone.js/dist/zone-patch-rxjs.js",
        "//:node_modules/zone.js/dist/zone-patch-rxjs.min.js",
        "//:node_modules/zone.js/dist/zone-patch-socket-io.js",
        "//:node_modules/zone.js/dist/zone-patch-socket-io.min.js",
        "//:node_modules/zone.js/dist/zone-patch-user-media.js",
        "//:node_modules/zone.js/dist/zone-patch-user-media.min.js",
        "//:node_modules/zone.js/dist/zone-testing-bundle.js",
        "//:node_modules/zone.js/dist/zone-testing-node-bundle.js",
        "//:node_modules/zone.js/dist/zone-testing.js",
        "//:node_modules/zone.js/dist/zone.js",
        "//:node_modules/zone.js/dist/zone.js.d.ts",
        "//:node_modules/zone.js/dist/zone.min.js",
        "//:node_modules/zone.js/dist/zone_externs.js",
        "//:node_modules/zone.js/lib/browser/api-util.ts",
        "//:node_modules/zone.js/lib/browser/browser-legacy.ts",
        "//:node_modules/zone.js/lib/browser/browser-util.ts",
        "//:node_modules/zone.js/lib/browser/browser.ts",
        "//:node_modules/zone.js/lib/browser/canvas.ts",
        "//:node_modules/zone.js/lib/browser/custom-elements.ts",
        "//:node_modules/zone.js/lib/browser/define-property.ts",
        "//:node_modules/zone.js/lib/browser/event-target-legacy.ts",
        "//:node_modules/zone.js/lib/browser/event-target.ts",
        "//:node_modules/zone.js/lib/browser/property-descriptor-legacy.ts",
        "//:node_modules/zone.js/lib/browser/property-descriptor.ts",
        "//:node_modules/zone.js/lib/browser/register-element.ts",
        "//:node_modules/zone.js/lib/browser/rollup-common.ts",
        "//:node_modules/zone.js/lib/browser/rollup-legacy-main.ts",
        "//:node_modules/zone.js/lib/browser/rollup-legacy-test-main.ts",
        "//:node_modules/zone.js/lib/browser/rollup-main.ts",
        "//:node_modules/zone.js/lib/browser/rollup-test-main.ts",
        "//:node_modules/zone.js/lib/browser/shadydom.ts",
        "//:node_modules/zone.js/lib/browser/webapis-media-query.ts",
        "//:node_modules/zone.js/lib/browser/webapis-notification.ts",
        "//:node_modules/zone.js/lib/browser/webapis-resize-observer.ts",
        "//:node_modules/zone.js/lib/browser/webapis-rtc-peer-connection.ts",
        "//:node_modules/zone.js/lib/browser/webapis-user-media.ts",
        "//:node_modules/zone.js/lib/browser/websocket.ts",
        "//:node_modules/zone.js/lib/closure/zone_externs.js",
        "//:node_modules/zone.js/lib/common/error-rewrite.ts",
        "//:node_modules/zone.js/lib/common/events.ts",
        "//:node_modules/zone.js/lib/common/fetch.ts",
        "//:node_modules/zone.js/lib/common/promise.ts",
        "//:node_modules/zone.js/lib/common/timers.ts",
        "//:node_modules/zone.js/lib/common/to-string.ts",
        "//:node_modules/zone.js/lib/common/utils.ts",
        "//:node_modules/zone.js/lib/extra/bluebird.ts",
        "//:node_modules/zone.js/lib/extra/cordova.ts",
        "//:node_modules/zone.js/lib/extra/electron.ts",
        "//:node_modules/zone.js/lib/extra/jsonp.ts",
        "//:node_modules/zone.js/lib/extra/socket-io.ts",
        "//:node_modules/zone.js/lib/jasmine/jasmine.ts",
        "//:node_modules/zone.js/lib/mix/rollup-mix.ts",
        "//:node_modules/zone.js/lib/mocha/mocha.ts",
        "//:node_modules/zone.js/lib/node/events.ts",
        "//:node_modules/zone.js/lib/node/fs.ts",
        "//:node_modules/zone.js/lib/node/node.ts",
        "//:node_modules/zone.js/lib/node/node_util.ts",
        "//:node_modules/zone.js/lib/node/rollup-main.ts",
        "//:node_modules/zone.js/lib/node/rollup-test-main.ts",
        "//:node_modules/zone.js/lib/rxjs/rxjs-fake-async.ts",
        "//:node_modules/zone.js/lib/rxjs/rxjs.ts",
        "//:node_modules/zone.js/lib/testing/async-testing.ts",
        "//:node_modules/zone.js/lib/testing/fake-async.ts",
        "//:node_modules/zone.js/lib/testing/promise-testing.ts",
        "//:node_modules/zone.js/lib/testing/zone-testing.ts",
        "//:node_modules/zone.js/lib/zone-spec/async-test.ts",
        "//:node_modules/zone.js/lib/zone-spec/fake-async-test.ts",
        "//:node_modules/zone.js/lib/zone-spec/long-stack-trace.ts",
        "//:node_modules/zone.js/lib/zone-spec/proxy.ts",
        "//:node_modules/zone.js/lib/zone-spec/sync-test.ts",
        "//:node_modules/zone.js/lib/zone-spec/task-tracking.ts",
        "//:node_modules/zone.js/lib/zone-spec/wtf.ts",
        "//:node_modules/zone.js/lib/zone.ts",
        "//:node_modules/zone.js/package.json",
    ],
)
filegroup(
    name = "zone.js__nested_node_modules",
    visibility = ["//:__subpackages__"],
)
filegroup(
    name = "zone.js__not_files",
    srcs = [
        "//:node_modules/zone.js/CHANGELOG.md",
        "//:node_modules/zone.js/LICENSE.wrapped",
        "//:node_modules/zone.js/README.md",
    ],
    visibility = ["//visibility:private"],
)
filegroup(
    name = "zone.js__all_files",
    srcs = [":zone.js__files", ":zone.js__not_files"],
)
node_module_library(
    name = "zone.js",
    srcs = [":zone.js__files"],
    deps = [
        "//zone.js:zone.js__contents",
    ],
)
node_module_library(
    name = "zone.js__contents",
    srcs = [":zone.js__files", ":zone.js__nested_node_modules"],
    visibility = ["//:__subpackages__"],
)
node_module_library(
    name = "zone.js__typings",
    srcs = [
        "//:node_modules/zone.js/dist/zone.js.d.ts",
    ],
)
load("@build_bazel_rules_nodejs//internal/npm_install:npm_umd_bundle.bzl", "npm_umd_bundle")
npm_umd_bundle(
    name = "zone.js__umd",
    package_name = "zone.js",
    entry_point = "//:node_modules/zone.js/dist/zone.js",
    package = ":zone.js",
)
