
filegroup(
  name = "golden_files",
  srcs = [
    "//:BUILD.bazel",
    "//:install_bazel_dependencies.bzl",
    "//:manual_build_file_contents",
    "//:WORKSPACE",
    "//@angular/core:BUILD.bazel",
    "//@gregmagolan:BUILD.bazel",
    "//@gregmagolan/test-a/bin:BUILD.bazel",
    "//@gregmagolan/test-a:BUILD.bazel",
    "//@gregmagolan/test-a:index.bzl",
    "//@gregmagolan/test-b:BUILD.bazel",
    "//ajv:BUILD.bazel",
    "//jasmine/bin:BUILD.bazel",
    "//jasmine:BUILD.bazel",
    "//jasmine:index.bzl",
    "//rxjs:BUILD.bazel",
    "//unidiff:BUILD.bazel",
    "//zone.js:BUILD.bazel",
  ],
)