var bundle_no_deps = (function () {
    'use strict';
    var noDeps = 'no-deps';
    return noDeps;
}());
//# sourceMappingURL=bundle_no_deps.es2015.js.map
