var bundle = (function (exports) {
	'use strict';

	var main = 'test-a-0.0.4';

	var main$1 = `test-b-0.0.2/${main}`;

	exports.__moduleExports = main$1;

	return exports;

}({}));
//# sourceMappingURL=bundle.es2015.js.map
