var bundle = function(exports) {
    "use strict";
    exports.__moduleExports = "test-b-0.0.2/test-a-0.0.4";
    return exports;
}({});