
package(default_visibility = ["//visibility:public"])
load("@build_bazel_rules_nodejs//:index.bzl", "nodejs_binary")
nodejs_binary(
    name = "test",
    entry_point = "//:node_modules/@gregmagolan/test-a/@bin/test.js",
    data = ["//@gregmagolan/test-a:test-a"],
    templated_args = ["--nobazel_patch_module_resolver"],
)
