//header
//comments
(() => {
  // packages/esbuild/test/banner/main.js
  console.log("a script");
})();
//# sourceMappingURL=banner_newline.js.map
