"use strict"
(() => {
  // packages/esbuild/test/banner/main.js
  console.log("a script");
})();
//# sourceMappingURL=banner_quotes.js.map
