workspace(name = "fine_grained_goldens_multi_linked")
