workspace(name = "fine_grained_directory_artifacts_goldens")
