
package(default_visibility = ["//visibility:public"])
alias(
    name = "@gregmagolan",
    actual = "//node_modules/@gregmagolan",
)
