var __defProp = Object.defineProperty;
var __name = (target, value) => __defProp(target, "name", {value, configurable: true});


var getId = /* @__PURE__ */ __name(() => "module-one", "getId");


var getId2 = /* @__PURE__ */ __name(() => "module-two", "getId");


var main_default = `Full ID: ${getId} - ${getId2}`;
export {
  main_default as default
};
//# sourceMappingURL=bundle.js.map
