var __defProp = Object.defineProperty;
var __name = (target, value) => __defProp(target, "name", { value, configurable: true });


var getId = /* @__PURE__ */ __name(() => "dynamic-id", "getId");


var getId2 = /* @__PURE__ */ __name(() => "module-one", "getId");


var getId3 = /* @__PURE__ */ __name(() => "module-two", "getId");


var getId4 = /* @__PURE__ */ __name(() => "relative-module", "getId");


var ID = `Full ID: ${getId2()} - ${getId3()} - ${getId()} - ${getId4()}`;
console.log(ID);
export {
  ID
};
//# sourceMappingURL=bundle.js.map
