(()=>{var o="bazel";console.log(`Hello ${o}`);})();
//# sourceMappingURL=bundle.min.js.map
