(() => {
  
  var NAME = "bazel";

  
  console.log(`Hello ${NAME}`);
})();
//# sourceMappingURL=bundle.js.map
