
package(default_visibility = ["//visibility:public"])
alias(
  name = "jasmine",
  actual = "//node_modules/jasmine:jasmine__pkg"
)
alias(
  name = "jasmine__files",
  actual = "//node_modules/jasmine:jasmine__files"
)
alias(
  name = "jasmine__lite",
  actual = "//node_modules/jasmine:jasmine__lite"
)
alias(
  name = "jasmine__typings",
  actual = "//node_modules/jasmine:jasmine__typings"
)
