
package(default_visibility = ["//visibility:public"])
alias(
    name = "jasmine",
    actual = "//node_modules/jasmine:jasmine__bin",
)
