WARN: Dropping unreachable code [internal/node/test/terser_input_with_diagnostics.js:6,4]
