
package(default_visibility = ["//visibility:public"])
load("@build_bazel_rules_nodejs//:index.bzl", "js_library")
js_library(
    name = "@gregmagolan",
    
    deps = [
        "//@gregmagolan/test-a",
        "//@gregmagolan/test-b",
    ],
)
