
package(default_visibility = ["//visibility:public"])
load("@build_bazel_rules_nodejs//internal/npm_install:node_module_library.bzl", "node_module_library")
filegroup(
    name = "ajv__files",
    srcs = [
        "//:node_modules/ajv/.tonic_example.js",
        "//:node_modules/ajv/LICENSE",
        "//:node_modules/ajv/dist/ajv.bundle.js",
        "//:node_modules/ajv/dist/ajv.min.js",
        "//:node_modules/ajv/dist/ajv.min.js.map",
        "//:node_modules/ajv/dist/nodent.min.js",
        "//:node_modules/ajv/dist/regenerator.min.js",
        "//:node_modules/ajv/lib/$data.js",
        "//:node_modules/ajv/lib/ajv.d.ts",
        "//:node_modules/ajv/lib/ajv.js",
        "//:node_modules/ajv/lib/cache.js",
        "//:node_modules/ajv/lib/compile/_rules.js",
        "//:node_modules/ajv/lib/compile/async.js",
        "//:node_modules/ajv/lib/compile/equal.js",
        "//:node_modules/ajv/lib/compile/error_classes.js",
        "//:node_modules/ajv/lib/compile/formats.js",
        "//:node_modules/ajv/lib/compile/index.js",
        "//:node_modules/ajv/lib/compile/resolve.js",
        "//:node_modules/ajv/lib/compile/rules.js",
        "//:node_modules/ajv/lib/compile/schema_obj.js",
        "//:node_modules/ajv/lib/compile/ucs2length.js",
        "//:node_modules/ajv/lib/compile/util.js",
        "//:node_modules/ajv/lib/dot/_limit.jst",
        "//:node_modules/ajv/lib/dot/_limitItems.jst",
        "//:node_modules/ajv/lib/dot/_limitLength.jst",
        "//:node_modules/ajv/lib/dot/_limitProperties.jst",
        "//:node_modules/ajv/lib/dot/allOf.jst",
        "//:node_modules/ajv/lib/dot/anyOf.jst",
        "//:node_modules/ajv/lib/dot/const.jst",
        "//:node_modules/ajv/lib/dot/contains.jst",
        "//:node_modules/ajv/lib/dot/custom.jst",
        "//:node_modules/ajv/lib/dot/dependencies.jst",
        "//:node_modules/ajv/lib/dot/enum.jst",
        "//:node_modules/ajv/lib/dot/format.jst",
        "//:node_modules/ajv/lib/dot/items.jst",
        "//:node_modules/ajv/lib/dot/multipleOf.jst",
        "//:node_modules/ajv/lib/dot/not.jst",
        "//:node_modules/ajv/lib/dot/oneOf.jst",
        "//:node_modules/ajv/lib/dot/pattern.jst",
        "//:node_modules/ajv/lib/dot/properties.jst",
        "//:node_modules/ajv/lib/dot/propertyNames.jst",
        "//:node_modules/ajv/lib/dot/ref.jst",
        "//:node_modules/ajv/lib/dot/required.jst",
        "//:node_modules/ajv/lib/dot/uniqueItems.jst",
        "//:node_modules/ajv/lib/dot/validate.jst",
        "//:node_modules/ajv/lib/dotjs/_limit.js",
        "//:node_modules/ajv/lib/dotjs/_limitItems.js",
        "//:node_modules/ajv/lib/dotjs/_limitLength.js",
        "//:node_modules/ajv/lib/dotjs/_limitProperties.js",
        "//:node_modules/ajv/lib/dotjs/allOf.js",
        "//:node_modules/ajv/lib/dotjs/anyOf.js",
        "//:node_modules/ajv/lib/dotjs/const.js",
        "//:node_modules/ajv/lib/dotjs/contains.js",
        "//:node_modules/ajv/lib/dotjs/custom.js",
        "//:node_modules/ajv/lib/dotjs/dependencies.js",
        "//:node_modules/ajv/lib/dotjs/enum.js",
        "//:node_modules/ajv/lib/dotjs/format.js",
        "//:node_modules/ajv/lib/dotjs/items.js",
        "//:node_modules/ajv/lib/dotjs/multipleOf.js",
        "//:node_modules/ajv/lib/dotjs/not.js",
        "//:node_modules/ajv/lib/dotjs/oneOf.js",
        "//:node_modules/ajv/lib/dotjs/pattern.js",
        "//:node_modules/ajv/lib/dotjs/properties.js",
        "//:node_modules/ajv/lib/dotjs/propertyNames.js",
        "//:node_modules/ajv/lib/dotjs/ref.js",
        "//:node_modules/ajv/lib/dotjs/required.js",
        "//:node_modules/ajv/lib/dotjs/uniqueItems.js",
        "//:node_modules/ajv/lib/dotjs/validate.js",
        "//:node_modules/ajv/lib/keyword.js",
        "//:node_modules/ajv/lib/patternGroups.js",
        "//:node_modules/ajv/lib/refs/$data.json",
        "//:node_modules/ajv/lib/refs/json-schema-draft-04.json",
        "//:node_modules/ajv/lib/refs/json-schema-draft-06.json",
        "//:node_modules/ajv/lib/refs/json-schema-v5.json",
        "//:node_modules/ajv/package.json",
        "//:node_modules/ajv/scripts/bundle.js",
        "//:node_modules/ajv/scripts/compile-dots.js",
        "//:node_modules/ajv/scripts/info",
        "//:node_modules/ajv/scripts/prepare-tests",
        "//:node_modules/ajv/scripts/travis-gh-pages",
    ],
)
filegroup(
    name = "ajv__nested_node_modules",
    visibility = ["//:__subpackages__"],
)
filegroup(
    name = "ajv__not_files",
    srcs = [
        "//:node_modules/ajv/README.md",
        "//:node_modules/ajv/lib/dot/coerce.def",
        "//:node_modules/ajv/lib/dot/defaults.def",
        "//:node_modules/ajv/lib/dot/definitions.def",
        "//:node_modules/ajv/lib/dot/errors.def",
        "//:node_modules/ajv/lib/dot/missing.def",
        "//:node_modules/ajv/lib/dotjs/README.md",
        "//:node_modules/ajv/scripts/.eslintrc.yml",
    ],
    visibility = ["//visibility:private"],
)
filegroup(
    name = "ajv__all_files",
    srcs = [":ajv__files", ":ajv__not_files"],
)
node_module_library(
    name = "ajv",
    srcs = [":ajv__files"],
    deps = [
        "//ajv:ajv__contents",
        "//co:co__contents",
        "//fast-deep-equal:fast-deep-equal__contents",
        "//fast-json-stable-stringify:fast-json-stable-stringify__contents",
        "//json-schema-traverse:json-schema-traverse__contents",
    ],
)
node_module_library(
    name = "ajv__contents",
    srcs = [":ajv__files", ":ajv__nested_node_modules"],
    visibility = ["//:__subpackages__"],
)
node_module_library(
    name = "ajv__typings",
    srcs = [
        "//:node_modules/ajv/lib/ajv.d.ts",
    ],
)
load("@build_bazel_rules_nodejs//internal/npm_install:npm_umd_bundle.bzl", "npm_umd_bundle")
npm_umd_bundle(
    name = "ajv__umd",
    package_name = "ajv",
    entry_point = "//:node_modules/ajv/lib/ajv.js",
    package = ":ajv",
)
