
package(default_visibility = ["//visibility:public"])
alias(
    name = "test",
    actual = "//node_modules/@gregmagolan/test-a:test__bin",
)
