
package(default_visibility = ["//visibility:public"])
load("@build_bazel_rules_nodejs//internal/linker:npm_link.bzl", "npm_link")
npm_link(
    name = "some-target-a",
    target = "@build_bazel_rules_nodejs//some/target/a",
    package_name = "some-target-a",
    package_path = "tools/fine_grained_goldens",
)