
package(default_visibility = ["//visibility:public"])
load("@build_bazel_rules_nodejs//internal/npm_install:node_module_library.bzl", "node_module_library")
filegroup(
    name = "test-a__files",
    srcs = [
        "//:node_modules/@gregmagolan/test-a/@bin/test.js",
        "//:node_modules/@gregmagolan/test-a/main.js",
        "//:node_modules/@gregmagolan/test-a/package.json",
    ],
)
filegroup(
    name = "test-a__nested_node_modules",
    visibility = ["//:__subpackages__"],
)
filegroup(
    name = "test-a__not_files",
    srcs = [
        "//:node_modules/@gregmagolan/test-a/filename with spaces.js",
        "//:node_modules/@gregmagolan/test-a/filenamË-with-unicodË-chars.js",
    ],
    visibility = ["//visibility:private"],
)
filegroup(
    name = "test-a__all_files",
    srcs = [":test-a__files", ":test-a__not_files"],
)
node_module_library(
    name = "test-a",
    srcs = [":test-a__files"],
    deps = [
        "//@gregmagolan/test-a:test-a__contents",
    ],
)
node_module_library(
    name = "test-a__contents",
    srcs = [":test-a__files", ":test-a__nested_node_modules"],
    visibility = ["//:__subpackages__"],
)
node_module_library(
    name = "test-a__typings",
)
load("@build_bazel_rules_nodejs//internal/npm_install:npm_umd_bundle.bzl", "npm_umd_bundle")
npm_umd_bundle(
    name = "test-a__umd",
    package_name = "@gregmagolan/test-a",
    entry_point = "//:node_modules/@gregmagolan/test-a/main.js",
    package = ":test-a",
)
exports_files(["index.bzl"])
