load("@build_bazel_rules_nodejs//:index.bzl", "nodejs_binary", "nodejs_test", "npm_package_bin")
def test(**kwargs):
    output_dir = kwargs.pop("output_dir", False)
    if "outs" in kwargs or output_dir:
        npm_package_bin(tool = "@fine_grained_goldens//@gregmagolan/test-a/bin:test", output_dir = output_dir, **kwargs)
    else:
        nodejs_binary(
            entry_point = "@fine_grained_goldens//:node_modules/@gregmagolan/test-a/@bin/test.js",
            data = ["@fine_grained_goldens//@gregmagolan/test-a:test-a"] + kwargs.pop("data", []),
            templated_args = ["--nobazel_patch_module_resolver"] + kwargs.pop("templated_args", []),
            **kwargs
        )
def test_test(**kwargs):
    nodejs_test(
      entry_point = "@fine_grained_goldens//:node_modules/@gregmagolan/test-a/@bin/test.js",
      data = ["@fine_grained_goldens//@gregmagolan/test-a:test-a"] + kwargs.pop("data", []),
      templated_args = ["--nobazel_patch_module_resolver"] + kwargs.pop("templated_args", []),
      **kwargs
    )
